{
  "exclude": {
    "files": "tests/.*",
    "lines": null
  },
  "generated_at": "2019-10-28T08:48:40Z",
  "plugins_used": [
    {
      "base64_limit": 4.5,
      "name": "Base64HighEntropyString"
    },
    {
      "hex_limit": 3,
      "name": "HexHighEntropyString"
    },
    {
      "name": "PrivateKeyDetector"
    }
  ],
  "results": {},
  "version": "0.12.7",
  "word_list": {
    "file": null,
    "hash": null
  }
}
